
> frontend@0.1.0 build
> next build

node.exe : ΓÜá Warning: Next.js 
inferred your workspace root, 
but it may not be correct.
At line:1 char:1
+ & "C:\Program 
Files\nodejs/node.exe" 
"C:\Program 
Files\nodejs/node_mo ...
+ ~~~~~~~~~~~~~~~~~~~~~~~~~~~~~~
~~~~~~~~~~~~~~~~~~~~~~~~~~~~~~~~
~~~~~~~
    + CategoryInfo          : N 
   otSpecified: (ΓÜá Warning:   
  Ne...not be correct.:String   
 ) [], RemoteException
    + FullyQualifiedErrorId : N 
   ativeCommandError
 
 We detected multiple lockfiles 
and selected the directory of 
C:\Users\Hp\package-lock.json 
as the root directory.
 To silence this warning, set 
`turbopack.root` in your 
Next.js config, or consider 
removing one of the lockfiles 
if it's not needed.
   See https://nextjs.org/docs/a
pp/api-reference/config/next-con
fig-js/turbopack#root-directory 
for more information.
 Detected additional lockfiles: 
   * C:\Users\Hp\OneDrive\orciwe
b\Neworchi\frontend\package-lock
.json
   * C:\Users\Hp\OneDrive\orciwe
b\Neworchi\package-lock.json

Γû▓ Next.js 16.1.6 (Turbopack)
- Environments: .env.local

  Creating an optimized production build ...
Γ£ô Compiled successfully in 6.9s
  Running TypeScript ...
  Collecting page data using 11 workers ...
  Generating static pages using 11 workers (0/13) ...
  Generating static pages using 11 workers (3/13) 
  Generating static pages using 11 workers (6/13) 
  Generating static pages using 11 workers (9/13) 
Γ£ô Generating static pages using 11 workers (13/13) in 868.4ms
  Finalizing page optimization ...

Route (app)
Γöî Γùï /
Γö£ Γùï /_not-found
Γö£ Γùï /about
Γö£ Γùï /blog
Γö£ ╞Æ /blog/[slug]
Γö£ Γùï /booking
Γö£ Γùï /contact
Γö£ Γùï /faq
Γö£ Γùï /pricing
Γö£ Γùï /privacy
Γö£ Γùï /services
Γö£ ╞Æ /services/[slug]
Γöö Γùï /terms


Γùï  (Static)   prerendered as static content
╞Æ  (Dynamic)  server-rendered on demand

